<!DOCTYPE html>
<html lang="en">

  <head>
    <meta charset="utf-8">
    <meta name="viewport" content="width=device-width, initial-scale=1.0">

    <meta name="author" content="Mitz Amano">
    <meta name="description" content="Mitz&#39;s personal website">
    <meta name="keywords" content="blog,developer,personal">

    <meta name="twitter:card" content="summary"/>
<meta name="twitter:title" content="MeeGo 1.0 for N900 status"/>
<meta name="twitter:description" content="As you know, MeeGo 1.0 has been released. Netbook has the User Experience then you can test that using image on your netbook. But N900 and IVI image has no UX. They seem to be development release in position :(I have a time now, so I output dmesg on my N900 when it was booted by microSD and temporaly boot of kernel.I used in the following files.meego-n900-open-armv7l-1.0.0.20100525.1-sda.raw.bz2 ( bzcat xxx.bz2 | dd of=/dev/sdX(microSD) bs=4k)meego-n900-open-armv7l-1."/>

    <meta property="og:title" content="MeeGo 1.0 for N900 status" />
<meta property="og:description" content="As you know, MeeGo 1.0 has been released. Netbook has the User Experience then you can test that using image on your netbook. But N900 and IVI image has no UX. They seem to be development release in position :(I have a time now, so I output dmesg on my N900 when it was booted by microSD and temporaly boot of kernel.I used in the following files.meego-n900-open-armv7l-1.0.0.20100525.1-sda.raw.bz2 ( bzcat xxx.bz2 | dd of=/dev/sdX(microSD) bs=4k)meego-n900-open-armv7l-1." />
<meta property="og:type" content="article" />
<meta property="og:url" content="https://www.mitz.dev/posts/meego-1.0-for-n900-status/" />
<meta property="article:published_time" content="2010-05-27T02:50:00+00:00" />
<meta property="article:modified_time" content="2010-05-27T02:50:00+00:00" />


    
      <base href="https://www.mitz.dev/posts/meego-1.0-for-n900-status/">
    
    <title>
  MeeGo 1.0 for N900 status · NO TITLE
</title>

    
      <link rel="canonical" href="https://www.mitz.dev/posts/meego-1.0-for-n900-status/">
    

    <link href="https://fonts.googleapis.com/css?family=Lato:400,700%7CMerriweather:300,700%7CSource+Code+Pro:400,700&display=swap" rel="stylesheet">
    <link rel="stylesheet" href="https://use.fontawesome.com/releases/v5.11.2/css/all.css" integrity="sha384-KA6wR/X5RY4zFAHpv/CnoG2UW1uogYfdnP67Uv7eULvTveboZJg0qUpmJZb5VqzN" crossorigin="anonymous" />
    <link rel="stylesheet" href="https://cdnjs.cloudflare.com/ajax/libs/normalize/8.0.1/normalize.min.css" integrity="sha256-l85OmPOjvil/SOvVt3HnSSjzF1TUMyT9eV0c2BzEGzU=" crossorigin="anonymous" />

    
      
      
      <link rel="stylesheet" href="https://www.mitz.dev/css/coder.min.a4f332213a21ce8eb521670c614470c58923aaaf385e2a73982c31dd7642decb.css" integrity="sha256-pPMyITohzo61IWcMYURwxYkjqq84XipzmCwx3XZC3ss=" crossorigin="anonymous" media="screen" />
    

    

    

    

    

    

    <link rel="icon" type="image/png" href="https://www.mitz.dev/images/favicon-32x32.png" sizes="32x32">
    <link rel="icon" type="image/png" href="https://www.mitz.dev/images/favicon-16x16.png" sizes="16x16">

    <meta name="generator" content="Hugo 0.68.3" />
  </head>

  
  
  <body class="colorscheme-light">
    <main class="wrapper">
      <nav class="navigation">
  <section class="container">
    <a class="navigation-title" href="https://www.mitz.dev/">
      NO TITLE
    </a>
    
    <input type="checkbox" id="menu-toggle" />
    <label class="menu-button float-right" for="menu-toggle"><i class="fas fa-bars"></i></label>
    <ul class="navigation-list">
      
        
          <li class="navigation-item">
            <a class="navigation-link" href="https://www.mitz.dev/about/">About</a>
          </li>
        
          <li class="navigation-item">
            <a class="navigation-link" href="https://www.mitz.dev/posts/">Blog</a>
          </li>
        
      
      
    </ul>
    
  </section>
</nav>


      <div class="content">
        
  <section class="container post">
    <article>
      <header>
        <div class="post-title">
          <h1 class="title">MeeGo 1.0 for N900 status</h1>
        </div>
        <div class="post-meta">
          <div class="date">
            <span class="posted-on">
              <i class="fas fa-calendar"></i>
              <time datetime='2010-05-27T02:50:00Z'>
                May 27, 2010
              </time>
            </span>
            <span class="reading-time">
              <i class="fas fa-clock"></i>
              12-minute read
            </span>
          </div>
          
          <div class="tags">
  <i class="fas fa-tag"></i>
    <a href="https://www.mitz.dev/tags/xorg/">xorg</a>
      <span class="separator">•</span>
    <a href="https://www.mitz.dev/tags/linux/">linux</a>
      <span class="separator">•</span>
    <a href="https://www.mitz.dev/tags/n900/">n900</a>
      <span class="separator">•</span>
    <a href="https://www.mitz.dev/tags/kernel/">kernel</a>
      <span class="separator">•</span>
    <a href="https://www.mitz.dev/tags/meego/">meego</a></div>

        </div>
      </header>

      <div>
        
        <p>As you know, MeeGo 1.0 has been released. Netbook has the User Experience then you can test that using image on your netbook. But N900 and IVI image has no UX. They seem to be development release in position :(<!-- raw HTML omitted --><!-- raw HTML omitted -->I have a time now, so I output dmesg on my N900 when it was booted by microSD and temporaly boot of kernel.<!-- raw HTML omitted --><!-- raw HTML omitted -->I used in the following files.<!-- raw HTML omitted -->meego-n900-open-armv7l-1.0.0.20100525.1-sda.raw.bz2 ( bzcat xxx.bz2 | dd of=/dev/sdX(microSD) bs=4k)<!-- raw HTML omitted -->meego-n900-open-armv7l-1.0.0.20100525.1-vmlinuz-2.6.33.3-11.2-n900 ( sudo flasher-3.5 -l -b -k xxx)<!-- raw HTML omitted --><!-- raw HTML omitted -->[    0.000000] Linux version 2.6.33.3-11.2-n900 (abuild@build12) (gcc version 4.4.2 20091027 (MeeGo 4.4.2-7) (GCC) ) #1 PREEMPT Mon May 24 18:36:18 UTC 2010<!-- raw HTML omitted -->[    0.000000] CPU: ARMv7 Processor [411fc083] revision 3 (ARMv7), cr=10c53c7f<!-- raw HTML omitted -->[    0.000000] CPU: VIPT nonaliasing data cache, VIPT nonaliasing instruction cache<!-- raw HTML omitted -->[    0.000000] Machine: Nokia RX-51 board<!-- raw HTML omitted -->[    0.000000] Ignoring unrecognised tag 0x414f4d50<!-- raw HTML omitted -->[    0.000000] Memory policy: ECC disabled, Data cache writeback<!-- raw HTML omitted -->[    0.000000] On node 0 totalpages: 65536<!-- raw HTML omitted -->[    0.000000] free_area_init_node: node 0, pgdat c03978e0, node_mem_map c03d5000<!-- raw HTML omitted -->[    0.000000]   Normal zone: 512 pages used for memmap<!-- raw HTML omitted -->[    0.000000]   Normal zone: 0 pages reserved<!-- raw HTML omitted -->[    0.000000]   Normal zone: 65024 pages, LIFO batch:15<!-- raw HTML omitted -->[    0.000000] OMAP3430/3530 ES3.1 (l2cache iva sgx neon isp )<!-- raw HTML omitted -->[    0.000000] SRAM: Mapped pa 0x40200000 to va 0xfe400000 size: 0x100000<!-- raw HTML omitted -->[    0.000000] Reserving 16404480 bytes SDRAM for VRAM<!-- raw HTML omitted -->[    0.000000] Built 1 zonelists in Zone order, mobility grouping on.  Total pages: 65024<!-- raw HTML omitted -->[    0.000000] Kernel command line: init=/sbin/preinit rootwait root=/dev/mmcblk0p1 rootfstype=ext3 rw console=ttyS2,115200n8 omapfb.vram=0:2M,1:2M,2:2M nosplash<!-- raw HTML omitted -->[    0.000000] PID hash table entries: 1024 (order: 0, 4096 bytes)<!-- raw HTML omitted -->[    0.000000] Dentry cache hash table entries: 32768 (order: 5, 131072 bytes)<!-- raw HTML omitted -->[    0.000000] Inode-cache hash table entries: 16384 (order: 4, 65536 bytes)<!-- raw HTML omitted -->[    0.000000] Memory: 128MB 128MB = 256MB total<!-- raw HTML omitted -->[    0.000000] Memory: 239744KB available (3236K code, 435K data, 128K init, 0K highmem)<!-- raw HTML omitted -->[    0.000000] Hierarchical RCU implementation.<!-- raw HTML omitted -->[    0.000000] NR_IRQS:402<!-- raw HTML omitted -->[    0.000000] Clocking rate (Crystal/Core/MPU): 19.2/332/500 MHz<!-- raw HTML omitted -->[    0.000000] Reprogramming SDRC clock to 332000000 Hz<!-- raw HTML omitted -->[    0.000000] GPMC revision 5.0<!-- raw HTML omitted -->[    0.000000] IRQ: Found an INTC at 0xfa200000 (revision 4.0) with 96 interrupts<!-- raw HTML omitted -->[    0.000000] Total of 96 interrupts on 1 active controller<!-- raw HTML omitted -->[    0.000000] OMAP GPIO hardware version 2.5<!-- raw HTML omitted -->[    0.000000] OMAP clockevent source: GPTIMER1 at 32768 Hz<!-- raw HTML omitted -->[    0.000000] Console: colour dummy device 80x30<!-- raw HTML omitted -->[    0.000000] Calibrating delay loop&hellip; 499.92 BogoMIPS (lpj=1949696)<!-- raw HTML omitted -->[    0.000000] Mount-cache hash table entries: 512<!-- raw HTML omitted -->[    0.000000] CPU: Testing write buffer coherency: ok<!-- raw HTML omitted -->[    0.000000] regulator: core version 0.5<!-- raw HTML omitted -->[    0.000000] NET: Registered protocol family 16<!-- raw HTML omitted -->[    0.000000] mux: Setting signal i2c2_scl.i2c2_scl 0x0100 -&gt; 0x0100<!-- raw HTML omitted -->[    0.000000] mux: Setting signal i2c2_sda.i2c2_sda 0x0100 -&gt; 0x0100<!-- raw HTML omitted -->[    0.000000] mux: Setting signal i2c3_scl.i2c3_scl 0x0100 -&gt; 0x0100<!-- raw HTML omitted -->[    0.000000] mux: Setting signal i2c3_sda.i2c3_sda 0x0100 -&gt; 0x0100<!-- raw HTML omitted -->[    0.000000] mux: Setting signal sdrc_cke0.sdrc_cke0 0x0118 -&gt; 0x0000<!-- raw HTML omitted -->[    0.000000] mux: Setting signal sdrc_cke1.sdrc_cke1 0x0118 -&gt; 0x0000<!-- raw HTML omitted -->[    8.142211] OMAP DMA hardware revision 4.0<!-- raw HTML omitted -->[    8.142303] Reserving DMA channels 0 and 1 for HS ROM code<!-- raw HTML omitted -->[    8.143096] mux: Setting signal dss_data20.gpio90 0x0014 -&gt; 0x0004<!-- raw HTML omitted -->[    8.154296] bio: create slab <!-- raw HTML omitted --> at 0<!-- raw HTML omitted -->[    8.158721] usbcore: registered new interface driver usbfs<!-- raw HTML omitted -->[    8.159179] usbcore: registered new interface driver hub<!-- raw HTML omitted -->[    8.159484] usbcore: registered new device driver usb<!-- raw HTML omitted -->[    8.160064] i2c_omap i2c_omap.1: bus 1 rev3.12 at 2200 kHz<!-- raw HTML omitted -->[    8.163787] twl4030: PIH (irq 7) chaining IRQs 368..375<!-- raw HTML omitted -->[    8.163818] twl4030: power (irq 373) chaining IRQs 376..383<!-- raw HTML omitted -->[    8.164245] twl4030: gpio (irq 368) chaining IRQs 384..401<!-- raw HTML omitted -->[    8.165435] mux: Setting signal sdmmc1_clk.sdmmc1_clk 0x0000 -&gt; 0x0118<!-- raw HTML omitted -->[    8.165618] mux: Setting signal sdmmc1_cmd.sdmmc1_cmd 0x0118 -&gt; 0x0118<!-- raw HTML omitted -->[    8.165710] mux: Setting signal sdmmc1_dat0.sdmmc1_dat0 0x0118 -&gt; 0x0118<!-- raw HTML omitted -->[    8.165832] mux: Setting signal sdmmc1_dat1.sdmmc1_dat1 0x0118 -&gt; 0x0118<!-- raw HTML omitted -->[    8.165954] mux: Setting signal sdmmc1_dat2.sdmmc1_dat2 0x0118 -&gt; 0x0118<!-- raw HTML omitted -->[    8.166046] mux: Setting signal sdmmc1_dat3.sdmmc1_dat3 0x0118 -&gt; 0x0118<!-- raw HTML omitted -->[    8.166564] mux: Setting signal sdmmc2_clk.sdmmc2_clk 0x0100 -&gt; 0x0118<!-- raw HTML omitted -->[    8.166656] mux: Setting signal sdmmc2_cmd.sdmmc2_cmd 0x0118 -&gt; 0x0118<!-- raw HTML omitted -->[    8.166778] mux: Setting signal sdmmc2_dat0.sdmmc2_dat0 0x0118 -&gt; 0x0118<!-- raw HTML omitted -->[    8.166900] mux: Setting signal sdmmc2_dat1.sdmmc2_dat1 0x0118 -&gt; 0x0118<!-- raw HTML omitted -->[    8.167022] mux: Setting signal sdmmc2_dat2.sdmmc2_dat2 0x0118 -&gt; 0x0118<!-- raw HTML omitted -->[    8.167114] mux: Setting signal sdmmc2_dat3.sdmmc2_dat3 0x0118 -&gt; 0x0118<!-- raw HTML omitted -->[    8.167175] mux: Setting signal sdmmc2_dat4.sdmmc2_dat4 0x0118 -&gt; 0x0118<!-- raw HTML omitted -->[    8.167236] mux: Setting signal sdmmc2_dat5.sdmmc2_dat5 0x0118 -&gt; 0x0118<!-- raw HTML omitted -->[    8.167266] mux: Setting signal sdmmc2_dat6.sdmmc2_dat6 0x0118 -&gt; 0x0118<!-- raw HTML omitted -->[    8.167297] mux: Setting signal sdmmc2_dat7.sdmmc2_dat7 0x0118 -&gt; 0x0118<!-- raw HTML omitted -->[    8.168853] regulator: VUSB1V5: 1500 mV normal standby<!-- raw HTML omitted -->[    8.169982] regulator: VUSB1V8: 1800 mV normal standby<!-- raw HTML omitted -->[    8.170654] regulator: VUSB3V1: 3100 mV normal standby<!-- raw HTML omitted -->[    8.174713] twl4030_usb twl4030_usb: Initialized TWL4030 USB module<!-- raw HTML omitted -->[    8.176696] regulator: VIO: 1800 mV normal standby<!-- raw HTML omitted -->[    8.177459] regulator: VMMC1: 1850 &lt;&ndash;&gt; 3150 mV at 3150 mV normal standby<!-- raw HTML omitted -->[    8.178070] regulator: VDAC: 1800 mV normal standby<!-- raw HTML omitted -->[    8.178710] regulator: VCSI: 1800 mV normal standby<!-- raw HTML omitted -->[    8.179443] regulator: V28_A: 2800 &lt;&ndash;&gt; 3000 mV at 2850 mV normal standby<!-- raw HTML omitted -->[    8.180145] regulator: VMMC2_IO_18: 1800 mV normal standby<!-- raw HTML omitted -->[    8.180755] regulator: V28: 2800 mV normal standby<!-- raw HTML omitted -->[    8.181518] regulator: VMMC2_30: 2800 &lt;&ndash;&gt; 3000 mV at 3000 mV normal standby<!-- raw HTML omitted -->[    8.182220] regulator: VCAM_ANA_28: 2800 mV normal standby<!-- raw HTML omitted -->[    8.182464] i2c_omap i2c_omap.2: bus 2 rev3.12 at 100 kHz<!-- raw HTML omitted -->[    8.183135] i2c_omap i2c_omap.3: bus 3 rev3.12 at 400 kHz<!-- raw HTML omitted -->[    8.184631] Advanced Linux Sound Architecture Driver Version 1.0.21.<!-- raw HTML omitted -->[    8.185577] Switching to clocksource 32k_counter<!-- raw HTML omitted -->[    8.187988] musb_hdrc: version 6.0, musb-dma, otg (peripheral+host), debug=0<!-- raw HTML omitted -->[    8.188171] musb_hdrc: ConfigData=0xde (UTMI-8, dyn FIFOs, bulk combine (X), bulk split (X), HB-ISO Rx, HB-ISO Tx, SoftConn)<!-- raw HTML omitted -->[    8.188201] musb_hdrc: MHDRC RTL version 1.400 <!-- raw HTML omitted -->[    8.188201] musb_hdrc: setup fifo_mode 4<!-- raw HTML omitted -->[    8.188232] musb_hdrc: 28/31 max ep, 16384/16384 memory<!-- raw HTML omitted -->[    8.188262] musb_hdrc: USB OTG mode controller at fa0ab000 using DMA, IRQ 92<!-- raw HTML omitted -->[    8.188873] NET: Registered protocol family 2<!-- raw HTML omitted -->[    8.189086] IP route cache hash table entries: 2048 (order: 1, 8192 bytes)<!-- raw HTML omitted -->[    8.189636] TCP established hash table entries: 8192 (order: 4, 65536 bytes)<!-- raw HTML omitted -->[    8.189880] TCP bind hash table entries: 8192 (order: 3, 32768 bytes)<!-- raw HTML omitted -->[    8.190032] TCP: Hash tables configured (established 8192 bind 8192)<!-- raw HTML omitted -->[    8.190032] TCP reno registered<!-- raw HTML omitted -->[    8.190063] UDP hash table entries: 256 (order: 0, 4096 bytes)<!-- raw HTML omitted -->[    8.190093] UDP-Lite hash table entries: 256 (order: 0, 4096 bytes)<!-- raw HTML omitted -->[    8.190399] NET: Registered protocol family 1<!-- raw HTML omitted -->[    8.194458] msgmni has been set to 468<!-- raw HTML omitted -->[    8.199157] alg: No test for stdrng (krng)<!-- raw HTML omitted -->[    8.199249] io scheduler noop registered<!-- raw HTML omitted -->[    8.199371] io scheduler cfq registered (default)<!-- raw HTML omitted -->[    8.256225] OMAP DSS rev 2.0<!-- raw HTML omitted -->[    8.256286] OMAP DISPC rev 3.0<!-- raw HTML omitted -->[    8.435882] acx565akm spi1.2: omapfb: acx565akm rev 8d LCD detected<!-- raw HTML omitted -->[    8.455200] Serial: 8250/16550 driver, 4 ports, IRQ sharing disabled<!-- raw HTML omitted -->[    8.477355] serial8250.0: ttyS0 at MMIO 0x4806a000 (irq = 72) is a ST16654<!-- raw HTML omitted -->[    8.498260] serial8250.1: ttyS1 at MMIO 0x4806c000 (irq = 73) is a ST16654<!-- raw HTML omitted -->[    8.519073] serial8250.2: ttyS2 at MMIO 0x49020000 (irq = 74) is a ST16654<!-- raw HTML omitted -->[    8.970550] console [ttyS2] enabled<!-- raw HTML omitted -->[    8.985046] brd: module loaded<!-- raw HTML omitted -->[    8.988555] OneNAND driver initializing<!-- raw HTML omitted -->[    8.992828] omap2-onenand omap2-onenand: initializing on CS0, phys base 0x04000000, virtual base d08c0000<!-- raw HTML omitted -->[    9.002593] OneNAND Manufacturer: Samsung (0xec)<!-- raw HTML omitted -->[    9.002593] Muxed OneNAND 256MB 1.8V 16-bit (0x40)<!-- raw HTML omitted -->[    9.007446] OneNAND version = 0x0121<!-- raw HTML omitted -->[    9.011047] Chip support all block unlock<!-- raw HTML omitted -->[    9.011047] Chip has 2 plane<!-- raw HTML omitted -->[    9.012573] Scanning device for bad blocks<!-- raw HTML omitted -->[    9.133239] Creating 6 MTD partitions on &ldquo;omap2-onenand&rdquo;:<!-- raw HTML omitted -->[    9.138671] 0x000000000000-0x000000020000 : &ldquo;bootloader&quot;<!-- raw HTML omitted -->[    9.145568] 0x000000020000-0x000000080000 : &ldquo;config&quot;<!-- raw HTML omitted -->[    9.151763] 0x000000080000-0x0000000c0000 : &ldquo;log&quot;<!-- raw HTML omitted -->[    9.157684] 0x0000000c0000-0x0000002c0000 : &ldquo;kernel&quot;<!-- raw HTML omitted -->[    9.163879] 0x0000002c0000-0x0000004c0000 : &ldquo;initfs&quot;<!-- raw HTML omitted -->[    9.170043] 0x0000004c0000-0x000010000000 : &ldquo;rootfs&quot;<!-- raw HTML omitted -->[    9.178802] usbcore: registered new interface driver libusual<!-- raw HTML omitted -->[    9.185089] input: TWL4030 Keypad as /class/input/input0<!-- raw HTML omitted -->[    9.192016] TSC2005 driver initializing<!-- raw HTML omitted -->[    9.196655] input: TSC2005 touchscreen as /class/input/input1<!-- raw HTML omitted -->[    9.203430] i2c /dev entries driver<!-- raw HTML omitted -->[    9.334930] No device for DAI tlv320aic3x<!-- raw HTML omitted -->[    9.339172] No device for DAI omap-mcbsp-dai-0<!-- raw HTML omitted -->[    9.343688] No device for DAI omap-mcbsp-dai-1<!-- raw HTML omitted -->[    9.348144] No device for DAI omap-mcbsp-dai-2<!-- raw HTML omitted -->[    9.352661] No device for DAI omap-mcbsp-dai-3<!-- raw HTML omitted -->[    9.357116] No device for DAI omap-mcbsp-dai-4<!-- raw HTML omitted -->[    9.364135] asoc: tlv320aic3x &lt;-&gt; omap-mcbsp-dai-0 mapping ok<!-- raw HTML omitted -->[    9.373413] ALSA device list:<!-- raw HTML omitted -->[    9.376434]   #0: RX-51 (tlv320aic3x)<!-- raw HTML omitted -->[    9.380218] nf_conntrack version 0.5.0 (3749 buckets, 14996 max)<!-- raw HTML omitted -->[    9.386596] CONFIG_NF_CT_ACCT is deprecated and will be removed soon. Please use<!-- raw HTML omitted -->[    9.394073] nf_conntrack.acct=1 kernel parameter, acct=1 nf_conntrack module option or<!-- raw HTML omitted -->[    9.402038] sysctl net.netfilter.nf_conntrack_acct=1 to enable it.<!-- raw HTML omitted -->[    9.408660] ip_tables: (C) 2000-2006 Netfilter Core Team<!-- raw HTML omitted -->[    9.414093] TCP cubic registered<!-- raw HTML omitted -->[    9.417327] Initializing XFRM netlink socket<!-- raw HTML omitted -->[    9.421691] NET: Registered protocol family 17<!-- raw HTML omitted -->[    9.426239] NET: Registered protocol family 35<!-- raw HTML omitted -->[    9.431274] Power Management for TI OMAP3.<!-- raw HTML omitted -->[    9.438171] Disabling unused clock &ldquo;gpt2_ick&quot;<!-- raw HTML omitted -->[    9.438201] Disabling unused clock &ldquo;gpt3_ick&quot;<!-- raw HTML omitted -->[    9.438201] Disabling unused clock &ldquo;gpt4_ick&quot;<!-- raw HTML omitted -->[    9.438232] Disabling unused clock &ldquo;gpt5_ick&quot;<!-- raw HTML omitted -->[    9.438232] Disabling unused clock &ldquo;gpt6_ick&quot;<!-- raw HTML omitted -->[    9.438262] Disabling unused clock &ldquo;gpt7_ick&quot;<!-- raw HTML omitted -->[    9.438262] Disabling unused clock &ldquo;gpt8_ick&quot;<!-- raw HTML omitted -->[    9.438293] Disabling unused clock &ldquo;gpt9_ick&quot;<!-- raw HTML omitted -->[    9.438293] Disabling unused clock &ldquo;gpio2_dbck&quot;<!-- raw HTML omitted -->[    9.438323] Disabling unused clock &ldquo;gpio3_dbck&quot;<!-- raw HTML omitted -->[    9.438323] Disabling unused clock &ldquo;gpio4_dbck&quot;<!-- raw HTML omitted -->[    9.438354] Disabling unused clock &ldquo;gpio5_dbck&quot;<!-- raw HTML omitted -->[    9.438354] Disabling unused clock &ldquo;gpio6_dbck&quot;<!-- raw HTML omitted -->[    9.438385] Disabling unused clock &ldquo;gpt9_fck&quot;<!-- raw HTML omitted -->[    9.438385] Disabling unused clock &ldquo;gpt8_fck&quot;<!-- raw HTML omitted -->[    9.438415] Disabling unused clock &ldquo;gpt7_fck&quot;<!-- raw HTML omitted -->[    9.438415] Disabling unused clock &ldquo;gpt6_fck&quot;<!-- raw HTML omitted -->[    9.438446] Disabling unused clock &ldquo;gpt5_fck&quot;<!-- raw HTML omitted -->[    9.438476] Disabling unused clock &ldquo;gpt4_fck&quot;<!-- raw HTML omitted -->[    9.438476] Disabling unused clock &ldquo;gpt3_fck&quot;<!-- raw HTML omitted -->[    9.438476] Disabling unused clock &ldquo;gpt2_fck&quot;<!-- raw HTML omitted -->[    9.438507] Disabling unused clock &ldquo;wdt2_ick&quot;<!-- raw HTML omitted -->[    9.438537] Disabling unused clock &ldquo;wdt2_fck&quot;<!-- raw HTML omitted -->[    9.438537] Disabling unused clock &ldquo;gpio1_dbck&quot;<!-- raw HTML omitted -->[    9.438568] Disabling unused clock &ldquo;rng_ick&quot;<!-- raw HTML omitted -->[    9.438598] Disabling unused clock &ldquo;ssi_ick&quot;<!-- raw HTML omitted -->[    9.438598] Disabling unused clock &ldquo;gpt10_ick&quot;<!-- raw HTML omitted -->[    9.438629] Disabling unused clock &ldquo;gpt11_ick&quot;<!-- raw HTML omitted -->[    9.438659] Disabling unused clock &ldquo;usbtll_ick&quot;<!-- raw HTML omitted -->[    9.438659] Disabling unused clock &ldquo;ssi_ssr_fck&quot;<!-- raw HTML omitted -->[    9.438690] Disabling unused clock &ldquo;usbtll_fck&quot;<!-- raw HTML omitted -->[    9.438751] Disabling unused clock &ldquo;ts_fck&quot;<!-- raw HTML omitted -->[    9.438751] Disabling unused clock &ldquo;cpefuse_fck&quot;<!-- raw HTML omitted -->[    9.438781] Disabling unused clock &ldquo;gpt11_fck&quot;<!-- raw HTML omitted -->[    9.438781] Disabling unused clock &ldquo;gpt10_fck&quot;<!-- raw HTML omitted -->[    9.438812] Disabling unused clock &ldquo;dpll4_m6x2_ck&quot;<!-- raw HTML omitted -->[    9.438842] Disabling unused clock &ldquo;dpll3_m3x2_ck&quot;<!-- raw HTML omitted -->[    9.438873] Disabling unused clock &ldquo;sys_clkout1&quot;<!-- raw HTML omitted -->[    9.438873] VFP support v0.3: implementor 41 architecture 3 part 30 variant c rev 1<!-- raw HTML omitted -->[    9.494628] Console: switching to colour frame buffer device 100x30<!-- raw HTML omitted -->[    9.513549] regulator_init_complete: incomplete constraints, leaving VCSI on<!-- raw HTML omitted -->[    9.522277] Waiting for root device /dev/mmcblk0p1&hellip;<!-- raw HTML omitted -->[    9.857666] mmc0: host does not support reading read-only switch. assuming write-enable.<!-- raw HTML omitted -->[    9.865844] mmc0: new high speed SDHC card at address 0007<!-- raw HTML omitted -->[    9.871978] mmcblk0: mmc0:0007 SD04G 3.73 GiB <!-- raw HTML omitted -->[    9.876739]  mmcblk0: p1<!-- raw HTML omitted -->[    9.966033] kjournald starting.  Commit interval 5 seconds<!-- raw HTML omitted -->[   10.123474] mmc1: new high speed MMC card at address 0001<!-- raw HTML omitted -->[   10.129516] mmcblk1: mmc1:0001 MMC32G 29.8 GiB <!-- raw HTML omitted -->[   10.134338]  mmcblk1: p1 p2 p3<!-- raw HTML omitted -->[   10.181030] EXT3-fs (mmcblk0p1): using internal journal<!-- raw HTML omitted -->[   10.186370] EXT3-fs (mmcblk0p1): mounted filesystem with writeback data mode<!-- raw HTML omitted -->[   10.193511] VFS: Mounted root (ext3 filesystem) on device 179:1.<!-- raw HTML omitted -->[   10.199645] Freeing init memory: 128K<!-- raw HTML omitted -->[   10.218933] Failed to execute /sbin/preinit.  Attempting defaults&hellip;<!-- raw HTML omitted -->[   10.927642] udev: starting version 150<!-- raw HTML omitted -->[   14.023895] omap_wdt: probe of omap_wdt failed with error -16<!-- raw HTML omitted -->[   14.027282] twl_rtc twl_rtc: rtc core: registered twl_rtc as rtc0<!-- raw HTML omitted -->[   14.037475] input: gpio-keys as /class/input/input2<!-- raw HTML omitted -->[   14.916412] cfg80211: Using static regulatory domain info<!-- raw HTML omitted -->[   14.916442] cfg80211: Regulatory domain: 00<!-- raw HTML omitted -->[   14.916442]     (start_freq - end_freq @ bandwidth), (max_antenna_gain, max_eirp)<!-- raw HTML omitted -->[   14.916473]     (2402000 KHz - 2472000 KHz @ 40000 KHz), (600 mBi, 2000 mBm)<!-- raw HTML omitted -->[   14.916503]     (2457000 KHz - 2482000 KHz @ 20000 KHz), (600 mBi, 2000 mBm)<!-- raw HTML omitted -->[   14.916503]     (2474000 KHz - 2494000 KHz @ 20000 KHz), (600 mBi, 2000 mBm)<!-- raw HTML omitted -->[   14.916534]     (5170000 KHz - 5250000 KHz @ 40000 KHz), (600 mBi, 2000 mBm)<!-- raw HTML omitted -->[   14.916534]     (5735000 KHz - 5835000 KHz @ 40000 KHz), (600 mBi, 2000 mBm)<!-- raw HTML omitted -->[   14.916595] cfg80211: Calling CRDA to update world regulatory domain<!-- raw HTML omitted -->[   15.772857] EXT3-fs (mmcblk0p1): error: unrecognized mount option &ldquo;ssd&rdquo; or missing value<!-- raw HTML omitted -->[   15.888244] phy0: Selected rate control algorithm &lsquo;pid'<!-- raw HTML omitted -->[   15.889129] wl1251: loaded<!-- raw HTML omitted -->[   15.889160] wl1251: initialized<!-- raw HTML omitted -->[   16.377136] g_nokia gadget: using random self ethernet address<!-- raw HTML omitted -->[   16.377197] g_nokia gadget: using random host ethernet address<!-- raw HTML omitted -->[   16.381164] usb0: MAC ea:f4:4a:26:c2:e9<!-- raw HTML omitted -->[   16.381195] usb0: HOST MAC 5a:32:90:6b:c4:4b<!-- raw HTML omitted -->[   16.381225] g_nokia gadget: USB CDC Phonet function<!-- raw HTML omitted -->[   16.381256] g_nokia gadget: using musb_hdrc, OUT ep1out, IN ep1in<!-- raw HTML omitted -->[   16.381347] g_nokia gadget: USB CDC Phonet function<!-- raw HTML omitted -->[   16.381378] g_nokia gadget: using musb_hdrc, OUT ep1out, IN ep1in<!-- raw HTML omitted -->[   16.381439] g_nokia gadget: N900 (PC-Suite Mode)<!-- raw HTML omitted -->[   16.381469] g_nokia gadget: g_nokia ready<!-- raw HTML omitted -->[   16.381469] musb_hdrc musb_hdrc: MUSB HDRC host driver<!-- raw HTML omitted -->[   16.392700] musb_hdrc musb_hdrc: new USB bus registered, assigned bus number 1<!-- raw HTML omitted -->[   16.392883] usb usb1: New USB device found, idVendor=1d6b, idProduct=0002<!-- raw HTML omitted -->[   16.392913] usb usb1: New USB device strings: Mfr=3, Product=2, SerialNumber=1<!-- raw HTML omitted -->[   16.392944] usb usb1: Product: MUSB HDRC host driver<!-- raw HTML omitted -->[   16.392944] usb usb1: Manufacturer: Linux 2.6.33.3-11.2-n900 musb-hcd<!-- raw HTML omitted -->[   16.392974] usb usb1: SerialNumber: musb_hdrc<!-- raw HTML omitted -->[   16.399902] hub 1-0:1.0: USB hub found<!-- raw HTML omitted -->[   16.399993] hub 1-0:1.0: 1 port detected<!-- raw HTML omitted -->[   16.490753] wl1251 spi4.0: firmware: requesting wl1251-fw.bin<!-- raw HTML omitted -->[   17.219665] g_nokia gadget: high speed config #1: Bus Powered<!-- raw HTML omitted -->[   48.149841] Bluetooth: Core ver 2.15<!-- raw HTML omitted -->[   48.150878] NET: Registered protocol family 31<!-- raw HTML omitted -->[   48.150878] Bluetooth: HCI device and connection manager initialized<!-- raw HTML omitted -->[   48.150909] Bluetooth: HCI socket layer initialized<!-- raw HTML omitted -->[   48.186950] Bluetooth: L2CAP ver 2.14<!-- raw HTML omitted -->[   48.186981] Bluetooth: L2CAP socket layer initialized<!-- raw HTML omitted -->[   48.214111] Bluetooth: BNEP (Ethernet Emulation) ver 1.3<!-- raw HTML omitted -->[   48.214141] Bluetooth: BNEP filters: protocol multicast<!-- raw HTML omitted -->[   48.249938] Bluetooth: SCO (Voice Link) ver 0.6<!-- raw HTML omitted -->[   48.249938] Bluetooth: SCO socket layer initialized<!-- raw HTML omitted -->[   76.490783] wl1251: ERROR could not get firmware: -2<!-- raw HTML omitted --><!-- raw HTML omitted --><!-- raw HTML omitted -->It seems to no firmware of wlan. wl1251 is wireless lan&rsquo;s firmware.<!-- raw HTML omitted --><!-- raw HTML omitted -->Next, here is &ldquo;ps aux&rdquo;.<!-- raw HTML omitted -->USER       PID %CPU %MEM    VSZ   RSS TTY      STAT START   TIME COMMAND<!-- raw HTML omitted -->root         1  0.3  0.2   1728   524 ?        Ss   09:26   0:04 init [5]           <!-- raw HTML omitted -->root         2  0.0  0.0      0     0 ?        S    09:26   0:00 [kthreadd]<!-- raw HTML omitted -->root         3  0.0  0.0      0     0 ?        S    09:26   0:00 [ksoftirqd/0]<!-- raw HTML omitted -->root         4  0.0  0.0      0     0 ?        S    09:26   0:00 [events/0]<!-- raw HTML omitted -->root         5  0.0  0.0      0     0 ?        S    09:26   0:00 [khelper]<!-- raw HTML omitted -->root         8  0.0  0.0      0     0 ?        S    09:26   0:00 [async/mgr]<!-- raw HTML omitted -->root       106  0.0  0.0      0     0 ?        S    09:26   0:00 [sync_supers]<!-- raw HTML omitted -->root       108  0.0  0.0      0     0 ?        S    09:26   0:00 [bdi-default]<!-- raw HTML omitted -->root       109  0.0  0.0      0     0 ?        S    09:26   0:00 [kblockd/0]<!-- raw HTML omitted -->root       115  0.0  0.0      0     0 ?        S    09:26   0:00 [omap2_mcspi]<!-- raw HTML omitted -->root       125  0.0  0.0      0     0 ?        S    09:26   0:00 [ksuspend_usbd]<!-- raw HTML omitted -->root       130  0.0  0.0      0     0 ?        S    09:26   0:00 [khubd]<!-- raw HTML omitted -->root       139  0.0  0.0      0     0 ?        S    09:26   0:00 [twl4030-irqchip]<!-- raw HTML omitted -->root       140  0.0  0.0      0     0 ?        S    09:26   0:00 [twl4030-irq]<!-- raw HTML omitted -->root       178  0.0  0.0      0     0 ?        S    09:26   0:00 [kmmcd]<!-- raw HTML omitted -->root       202  0.0  0.0      0     0 ?        S    09:26   0:00 [kswapd0]<!-- raw HTML omitted -->root       203  0.0  0.0      0     0 ?        S    09:26   0:00 [aio/0]<!-- raw HTML omitted -->root       204  0.0  0.0      0     0 ?        S    09:26   0:00 [crypto/0]<!-- raw HTML omitted -->root       336  0.0  0.0      0     0 ?        S    09:26   0:00 [mtdblockd]<!-- raw HTML omitted -->root       362  0.0  0.0      0     0 ?        S    09:26   0:00 [irq/369-twl4030]<!-- raw HTML omitted -->root       364  0.0  0.0      0     0 ?        S    09:26   0:00 [irq/260-tsc2005]<!-- raw HTML omitted -->root       396  0.0  0.0      0     0 ?        S    09:26   0:00 [mmcqd]<!-- raw HTML omitted -->root       400  0.0  0.0      0     0 ?        S    09:26   0:00 [kjournald]<!-- raw HTML omitted -->root       402  0.0  0.0      0     0 ?        S    09:26   0:00 [mmcqd]<!-- raw HTML omitted -->root       432  0.0  0.2   2000   596 ?        S&lt;s  -d=&rdquo;&rdquo; 09:26  =&rdquo;&rdquo; 0:00=&rdquo;&rdquo; sbin=&rdquo;&rdquo; udevd=&quot;&ldquo;&gt;<!-- raw HTML omitted -->dbus       476  0.0  0.4   2536  1020 ?        Ss   09:26   0:00 dbus-daemon &ndash;system &ndash;fork<!-- raw HTML omitted -->root       502  0.0  0.0      0     0 ?        S    09:26   0:00 [cfg80211]<!-- raw HTML omitted -->root       507  0.0  0.0      0     0 ?        S    09:26   0:00 [phy0]<!-- raw HTML omitted -->root       522  0.0  0.7  11808  1692 ?        Ssl  09:26   0:00 connmand<!-- raw HTML omitted -->root       525  0.0  0.5   4292  1392 ?        S    09:26   0:00 /sbin/wpa_supplicant -u<!-- raw HTML omitted -->root       535  0.0  0.2   1996   592 ?        S&lt;   09:26   0:00 /sbin/udevd -d<!-- raw HTML omitted -->root       539  0.0  0.4  29180  1148 ?        SNl  09:27   0:00 /sbin/rsyslogd -c 4<!-- raw HTML omitted -->root       553  0.0  0.6   3788  1540 ?        Ss   09:27   0:00 /usr/sbin/ofonod<!-- raw HTML omitted -->root       555  0.0  0.6   3712  1452 ?        Ss   09:27   0:00 /usr/sbin/bluetoothd<!-- raw HTML omitted -->root       562  0.0  0.0      0     0 ?        S    09:27   0:00 [bluetooth]<!-- raw HTML omitted -->root       571  0.0  0.2   1996   500 ?        S&lt;   09:27   0:00 /sbin/udevd -d<!-- raw HTML omitted -->root       582  0.0  0.4   5872  1004 ?        Ss   09:27   0:00 /usr/sbin/sshd<!-- raw HTML omitted -->root       589  0.0  0.2   1716   508 tty1     Ss+  09:27   0:00 /sbin/mingetty &ndash;noclear tty1<!-- raw HTML omitted -->meego      590  0.0  0.8   5104  2156 ?        Ss   09:27   0:00 uxlaunch<!-- raw HTML omitted -->root       591  0.0  0.2   1728   556 ttyS2    Ss+  09:27   0:00 /sbin/agetty -L 115200 ttyS2 vt100<!-- raw HTML omitted -->root       592  0.0  0.1   3480   316 ?        S    09:27   0:00 uxlaunch<!-- raw HTML omitted -->root       616  0.0  5.7  20540 13776 tty2     Ss+  09:27   0:01 /usr/bin/Xorg :0 -nolisten tcp -dpi 120 -noreset -auth /var/run/uxlaunch/Xauth-meego-sA79MG vt2<!-- raw HTML omitted -->meego      618  0.0  0.2   4768   508 ?        Ss   09:27   0:00 /usr/bin/ssh-agent<!-- raw HTML omitted -->root       620  0.0  1.1  19444  2828 ?        Sl   09:27   0:00 /usr/sbin/console-kit-daemon &ndash;no-daemon<!-- raw HTML omitted -->meego      688  0.0  0.3   2404   724 ?        Ss   09:27   0:00 dbus-daemon &ndash;fork &ndash;session &ndash;print-pid 8 &ndash;print-address 10<!-- raw HTML omitted -->meego      691  0.0  0.6   6132  1644 ?        S    09:27   0:00 /usr/libexec/gconfd-2<!-- raw HTML omitted -->meego      694  0.0  2.2  11656  5372 ?        S    09:27   0:00 /usr/bin/xterm<!-- raw HTML omitted -->meego      700  0.0  0.6   4784  1644 pts/0    Ss+  09:27   0:00 bash<!-- raw HTML omitted -->root       714  0.0  1.2   9292  2940 ?        Ss   09:30   0:00 sshd: root@pts/1 <!-- raw HTML omitted -->root       719  0.0  0.6   4784  1676 pts/1    Ss   09:30   0:00 -bash<!-- raw HTML omitted -->root       817  3.0  0.3   2500   920 pts/1    R+   09:47   0:00 ps uax&lt;/s &gt;<!-- raw HTML omitted --><!-- raw HTML omitted -->It displays with Xorg. looks like some PC based Linux system :)<!-- raw HTML omitted -->Last, this is some status<!-- raw HTML omitted --><!-- raw HTML omitted -->[root@localhost ~]# uname -a<!-- raw HTML omitted -->Linux localhost.localdomain 2.6.33.3-11.2-n900 #1 PREEMPT Mon May 24 18:36:18 UTC 2010 armv7l armv7l armv7l GNU/Linux<!-- raw HTML omitted -->[root@localhost ~]# cat /proc/cmdline <!-- raw HTML omitted -->init=/sbin/preinit rootwait root=/dev/mmcblk0p1 rootfstype=ext3 rw console=ttyS2,115200n8 omapfb.vram=0:2M,1:2M,2:2M nosplash</p>

      </div>


      <footer>
        


        
        
        
      </footer>
    </article>

    
  </section>

      </div>

      
  <footer class="footer">
    <section class="container">
      
        <p>Copyright © 2006 - 2019 Mitz Amano. All rights reserved.</p>
      
      
        ©
        
        2020
         Mitz Amano 
      
      
         · 
        Powered by <a href="https://gohugo.io/">Hugo</a> & <a href="https://github.com/luizdepra/hugo-coder/">Coder</a>.
      
      
        
      
    </section>
  </footer>

    </main>

    
<script type="application/javascript">
var doNotTrack = false;
if (!doNotTrack) {
	(function(i,s,o,g,r,a,m){i['GoogleAnalyticsObject']=r;i[r]=i[r]||function(){
	(i[r].q=i[r].q||[]).push(arguments)},i[r].l=1*new Date();a=s.createElement(o),
	m=s.getElementsByTagName(o)[0];a.async=1;a.src=g;m.parentNode.insertBefore(a,m)
	})(window,document,'script','https://www.google-analytics.com/analytics.js','ga');
	ga('create', 'UA-138710986-1', 'auto');
	
	ga('send', 'pageview');
}
</script>


    

  </body>

</html>
